Data dir: /marimo/milk10k
Traceback (most recent call last):
  File "/marimo/code/train_milk10k_effb2_dual_metadata.py", line 15, in <module>
    main()
    ~~~~^^
  File "/marimo/code/train_milk10k_effb2_dual_metadata.py", line 11, in main
    run(args)
    ~~~^^^^^^
  File "/marimo/code/milk10k_effb2_metadata/training.py", line 93, in run
    train_single_run(
    ~~~~~~~~~~~~~~~~^
        df,
        ^^^
    ...<5 lines>...
        dermoscopic_backbone_backend,
        ^^^^^^^^^^^^^^^^^^^^^^^^^^^^^
    )
    ^
  File "/marimo/code/milk10k_effb2_metadata/runner.py", line 621, in train_single_run
    train_df = append_augmented_train_rows(df, train_df, val_df, class_names, args)
  File "/marimo/code/milk10k_effb2_metadata/runner.py", line 251, in append_augmented_train_rows
    augmented_df = load_augmented_subset(base_df, class_names, args)
  File "/marimo/code/milk10k_effb2_metadata/runner.py", line 229, in load_augmented_subset
    augmented_df = load_paired_dataframe(augmented_dir)
  File "/marimo/code/milk10k_effb2_metadata/data.py", line 231, in load_paired_dataframe
    gt = pd.read_csv(data_dir / "MILK10k_Training_GroundTruth.csv")
  File "/usr/local/lib/python3.13/site-packages/pandas/io/parsers/readers.py", line 873, in read_csv
    return _read(filepath_or_buffer, kwds)
  File "/usr/local/lib/python3.13/site-packages/pandas/io/parsers/readers.py", line 300, in _read
    parser = TextFileReader(filepath_or_buffer, **kwds)
  File "/usr/local/lib/python3.13/site-packages/pandas/io/parsers/readers.py", line 1645, in __init__
    self._engine = self._make_engine(f, self.engine)
                   ~~~~~~~~~~~~~~~~~^^^^^^^^^^^^^^^^
  File "/usr/local/lib/python3.13/site-packages/pandas/io/parsers/readers.py", line 1904, in _make_engine
    self.handles = get_handle(
                   ~~~~~~~~~~^
        f,
        ^^
    ...<6 lines>...
        storage_options=self.options.get("storage_options", None),
        ^^^^^^^^^^^^^^^^^^^^^^^^^^^^^^^^^^^^^^^^^^^^^^^^^^^^^^^^^^
    )
    ^
  File "/usr/local/lib/python3.13/site-packages/pandas/io/common.py", line 930, in get_handle
    handle = open(
        handle,
    ...<3 lines>...
        newline="",
    )
FileNotFoundError: [Errno 2] No such file or directory: '/marimo/milk10k_augmented/MILK10k_Training_GroundTruth.csv'
